============================= test session starts =============================
platform win32 -- Python 3.13.2, pytest-8.3.5, pluggy-1.5.0 -- d:\AiProjects\LangChain-Rag\.venv\Scripts\python.exe
cachedir: .pytest_cache
rootdir: D:\AiProjects\LangChain-Rag
plugins: anyio-4.9.0, langsmith-0.3.38, asyncio-0.26.0, cov-6.1.1, mock-3.14.0
asyncio: mode=Mode.STRICT, asyncio_default_fixture_loop_scope=None, asyncio_default_test_loop_scope=function
collecting ... collected 8 items

Backend/tests/test_e2e.py::test_json_schema_blackrock_e2e PASSED         [ 12%]
Backend/tests/test_e2e.py::test_upload_and_process_pdf PASSED            [ 25%]
Backend/tests/test_e2e.py::test_upload_and_process_schema PASSED         [ 37%]
Backend/tests/test_e2e.py::test_customer_service_query PASSED            [ 50%]
Backend/tests/test_e2e.py::test_pricing_query PASSED                     [ 62%]
Backend/tests/test_e2e.py::test_combined_query PASSED                    [ 75%]
Backend/tests/test_e2e.py::test_context_aware_response PASSED            [ 87%]
Backend/tests/test_e2e.py::test_error_handling PASSED                    [100%]

============================== warnings summary ===============================
.venv\Lib\site-packages\pydantic\_internal\_config.py:323
  d:\AiProjects\LangChain-Rag\.venv\Lib\site-packages\pydantic\_internal\_config.py:323: PydanticDeprecatedSince20: Support for class-based `config` is deprecated, use ConfigDict instead. Deprecated in Pydantic V2.0 to be removed in V3.0. See Pydantic V2 Migration Guide at https://errors.pydantic.dev/2.11/migration/
    warnings.warn(DEPRECATION_MESSAGE, DeprecationWarning)

.venv\Lib\site-packages\faiss\loader.py:49
  d:\AiProjects\LangChain-Rag\.venv\Lib\site-packages\faiss\loader.py:49: DeprecationWarning: numpy.core._multiarray_umath is deprecated and has been renamed to numpy._core._multiarray_umath. The numpy._core namespace contains private NumPy internals and its use is discouraged, as NumPy internals can change without warning in any release. In practice, most real-world usage of numpy.core is to access functionality in the public NumPy API. If that is the case, use the public NumPy API. If not, you are using NumPy internals. If you would still like to access an internal attribute, use numpy._core._multiarray_umath.__cpu_features__.
    from numpy.core._multiarray_umath import __cpu_features__

Backend\app\features\schema_qa\service.py:25
  D:\AiProjects\LangChain-Rag\Backend\app\features\schema_qa\service.py:25: LangChainDeprecationWarning: Please see the migration guide at: https://python.langchain.com/docs/versions/migrating_memory/
    self.memory = ConversationBufferMemory(

Backend/tests/test_e2e.py::test_json_schema_blackrock_e2e
Backend/tests/test_e2e.py::test_json_schema_blackrock_e2e
  <frozen importlib._bootstrap>:488: DeprecationWarning: builtin type SwigPyPacked has no __module__ attribute

Backend/tests/test_e2e.py::test_json_schema_blackrock_e2e
Backend/tests/test_e2e.py::test_json_schema_blackrock_e2e
  <frozen importlib._bootstrap>:488: DeprecationWarning: builtin type SwigPyObject has no __module__ attribute

Backend/tests/test_e2e.py::test_json_schema_blackrock_e2e
  <frozen importlib._bootstrap>:488: DeprecationWarning: builtin type swigvarlink has no __module__ attribute

-- Docs: https://docs.pytest.org/en/stable/how-to/capture-warnings.html
======================= 8 passed, 8 warnings in 14.10s ========================
